---------Hướng dẫn------------
ADMIN@DESKTOP-2M0CU9Q MINGW64 ~/OneDrive/Documents/Downloads/Tin học cơ sở/K18
$ mkdir 18A3

ADMIN@DESKTOP-2M0CU9Q MINGW64 ~/OneDrive/Documents/Downloads/Tin học cơ sở/K18
$ mkdir 18 A3

ADMIN@DESKTOP-2M0CU9Q MINGW64 ~/OneDrive/Documents/Downloads/Tin học cơ sở/K18
$ mkdir "18 A3"

ADMIN@DESKTOP-2M0CU9Q MINGW64 ~/OneDrive/Documents/Downloads/Tin học cơ sở/K18
$ cd 18A3

ADMIN@DESKTOP-2M0CU9Q MINGW64 ~/OneDrive/Documents/Downloads/Tin học cơ sở/K18/18A3
$ cd ..

ADMIN@DESKTOP-2M0CU9Q MINGW64 ~/OneDrive/Documents/Downloads/Tin học cơ sở/K18
$ ls
'18 A3'/  'DHKL18A1HN - Tin hoc co so cho KHDL.xls'
 18A3/    'DHKL18A3HN - Tin hoc co so cho KHDL.xls'

ADMIN@DESKTOP-2M0CU9Q MINGW64 ~/OneDrive/Documents/Downloads/Tin học cơ sở/K18
$ cd 18A3

ADMIN@DESKTOP-2M0CU9Q MINGW64 ~/OneDrive/Documents/Downloads/Tin học cơ sở/K18/18A3
$ touch "sample 1.txt"

ADMIN@DESKTOP-2M0CU9Q MINGW64 ~/OneDrive/Documents/Downloads/Tin học cơ sở/K18/18A3
$ echo "Day la lop Tin hoc co so" > "sample 1.txt"

ADMIN@DESKTOP-2M0CU9Q MINGW64 ~/OneDrive/Documents/Downloads/Tin học cơ sở/K18/18A3
$ echo "Day la lop DHKL18A3" > "sample 1.txt"

ADMIN@DESKTOP-2M0CU9Q MINGW64 ~/OneDrive/Documents/Downloads/Tin học cơ sở/K18/18A3
$ echo "Day la lop Tin hoc co so" >> "sample 1.txt"

ADMIN@DESKTOP-2M0CU9Q MINGW64 ~/OneDrive/Documents/Downloads/Tin học cơ sở/K18/18A3
$ ls
'sample 1.txt'

ADMIN@DESKTOP-2M0CU9Q MINGW64 ~/OneDrive/Documents/Downloads/Tin học cơ sở/K18/18A3
$ cat "sample 1.txt"
Day la lop DHKL18A3
Day la lop Tin hoc co so

ADMIN@DESKTOP-2M0CU9Q MINGW64 ~/OneDrive/Documents/Downloads/Tin học cơ sở/K18/18A3
$ echo "Day la lop Tin hoc co so" > "sample 2.txt"

ADMIN@DESKTOP-2M0CU9Q MINGW64 ~/OneDrive/Documents/Downloads/Tin học cơ sở/K18/18A3
$ diff "sample 1.txt" "sample 2.txt"
1d0
< Day la lop DHKL18A3

ADMIN@DESKTOP-2M0CU9Q MINGW64 ~/OneDrive/Documents/Downloads/Tin học cơ sở/K18/18A3
$ rm "sample 2.txt"
-----------Thực hành số 1------------
ADMIN@DESKTOP-2M0CU9Q MINGW64 ~/OneDrive/Documents/Downloads/Tin học cơ sở/K18/18A3
$ mkdir EX1

ADMIN@DESKTOP-2M0CU9Q MINGW64 ~/OneDrive/Documents/Downloads/Tin học cơ sở/K18/18A3
$ cd EX1

ADMIN@DESKTOP-2M0CU9Q MINGW64 ~/OneDrive/Documents/Downloads/Tin học cơ sở/K18/18A3/EX1
$ touch myfile.txt

ADMIN@DESKTOP-2M0CU9Q MINGW64 ~/OneDrive/Documents/Downloads/Tin học cơ sở/K18/18A3/EX1
$ echo "Day la dong so 1" > myfile.txt

ADMIN@DESKTOP-2M0CU9Q MINGW64 ~/OneDrive/Documents/Downloads/Tin học cơ sở/K18/18A3/EX1
$ echo "Day la dong so 2" >> myfile.txt

ADMIN@DESKTOP-2M0CU9Q MINGW64 ~/OneDrive/Documents/Downloads/Tin học cơ sở/K18/18A3/EX1
$ cat myfile.txt
Day la dong so 1
Day la dong so 2

ADMIN@DESKTOP-2M0CU9Q MINGW64 ~/OneDrive/Documents/Downloads/Tin học cơ sở/K18/18A3/EX1
$ ls
myfile.txt
---------------------Hướng dẫn-----------------------------
ADMIN@DESKTOP-2M0CU9Q MINGW64 ~/OneDrive/Documents/Downloads/Tin học cơ sở/K18/18A3/EX1
$ git --help
usage: git [-v | --version] [-h | --help] [-C <path>] [-c <name>=<value>]
           [--exec-path[=<path>]] [--html-path] [--man-path] [--info-path]
           [-p | --paginate | -P | --no-pager] [--no-replace-objects] [--no-lazy-fetch]
           [--no-optional-locks] [--no-advice] [--bare] [--git-dir=<path>]
           [--work-tree=<path>] [--namespace=<name>] [--config-env=<name>=<envvar>]
           <command> [<args>]

These are common Git commands used in various situations:

start a working area (see also: git help tutorial)
   clone     Clone a repository into a new directory
   init      Create an empty Git repository or reinitialize an existing one

work on the current change (see also: git help everyday)
   add       Add file contents to the index
   mv        Move or rename a file, a directory, or a symlink
   restore   Restore working tree files
   rm        Remove files from the working tree and from the index

examine the history and state (see also: git help revisions)
   bisect    Use binary search to find the commit that introduced a bug
   diff      Show changes between commits, commit and working tree, etc
   grep      Print lines matching a pattern
   log       Show commit logs
   show      Show various types of objects
   status    Show the working tree status

grow, mark and tweak your common history
   branch    List, create, or delete branches
   commit    Record changes to the repository
   merge     Join two or more development histories together
   rebase    Reapply commits on top of another base tip
   reset     Reset current HEAD to the specified state
   switch    Switch branches
   tag       Create, list, delete or verify a tag object signed with GPG

collaborate (see also: git help workflows)
   fetch     Download objects and refs from another repository
   pull      Fetch from and integrate with another repository or a local branch
   push      Update remote refs along with associated objects

'git help -a' and 'git help -g' list available subcommands and some
concept guides. See 'git help <command>' or 'git help <concept>'
to read about a specific subcommand or concept.
See 'git help git' for an overview of the system.

ADMIN@DESKTOP-2M0CU9Q MINGW64 ~/OneDrive/Documents/Downloads/Tin học cơ sở/K18/18A3/EX1
$ git --version
git version 2.46.2.windows.1

ADMIN@DESKTOP-2M0CU9Q MINGW64 ~/OneDrive/Documents/Downloads/Tin học cơ sở/K18/18A3/EX1
$ git status
fatal: not a git repository (or any of the parent directories): .git

ADMIN@DESKTOP-2M0CU9Q MINGW64 ~/OneDrive/Documents/Downloads/Tin học cơ sở/K18/18A3/EX1
$ git log
fatal: not a git repository (or any of the parent directories): .git

ADMIN@DESKTOP-2M0CU9Q MINGW64 ~/OneDrive/Documents/Downloads/Tin học cơ sở/K18/18A3/EX1
$ git init 18A3
Initialized empty Git repository in C:/Users/ADMIN/OneDrive/Documents/Downloads/Tin học cơ sở/K18/18A3/EX1/18A3/.git/

ADMIN@DESKTOP-2M0CU9Q MINGW64 ~/OneDrive/Documents/Downloads/Tin học cơ sở/K18/18A3/EX1
$ cd ..

ADMIN@DESKTOP-2M0CU9Q MINGW64 ~/OneDrive/Documents/Downloads/Tin học cơ sở/K18/18A3
$ git init 18A3
Initialized empty Git repository in C:/Users/ADMIN/OneDrive/Documents/Downloads/Tin học cơ sở/K18/18A3/18A3/.git/

ADMIN@DESKTOP-2M0CU9Q MINGW64 ~/OneDrive/Documents/Downloads/Tin học cơ sở/K18/18A3
$ git clone 18A3 "18 A3"
Cloning into '18 A3'...
warning: You appear to have cloned an empty repository.
done.
-----------------------Thực hành số 2----------------------------
ADMIN@DESKTOP-2M0CU9Q MINGW64 ~/OneDrive/Documents/Downloads/Tin học cơ sở/K18/18A3
$ cd ..

ADMIN@DESKTOP-2M0CU9Q MINGW64 ~/OneDrive/Documents/Downloads/Tin học cơ sở/K18
$ cd 18A3

ADMIN@DESKTOP-2M0CU9Q MINGW64 ~/OneDrive/Documents/Downloads/Tin học cơ sở/K18/18A3
$ git init EX2
Initialized empty Git repository in C:/Users/ADMIN/OneDrive/Documents/Downloads/Tin học cơ sở/K18/18A3/EX2/.git/

ADMIN@DESKTOP-2M0CU9Q MINGW64 ~/OneDrive/Documents/Downloads/Tin học cơ sở/K18/18A3
$ cd EX2

ADMIN@DESKTOP-2M0CU9Q MINGW64 ~/OneDrive/Documents/Downloads/Tin học cơ sở/K18/18A3/EX2 (master)
$ git status
On branch master

No commits yet

nothing to commit (create/copy files and use "git add" to track)

ADMIN@DESKTOP-2M0CU9Q MINGW64 ~/OneDrive/Documents/Downloads/Tin học cơ sở/K18/18A3/EX2 (master)
$ echo "Day la tap tin moi" > myfile.txt

ADMIN@DESKTOP-2M0CU9Q MINGW64 ~/OneDrive/Documents/Downloads/Tin học cơ sở/K18/18A3/EX2 (master)
$ git status
On branch master

No commits yet

Untracked files:
  (use "git add <file>..." to include in what will be committed)
        myfile.txt

nothing added to commit but untracked files present (use "git add" to track)
---------------Thực hành 3 -------------------
ADMIN@DESKTOP-2M0CU9Q MINGW64 ~/OneDrive/Documents/Downloads/Tin học cơ sở/K18/18A3
$ git config --global user.name "lhaaaa"

ADMIN@DESKTOP-2M0CU9Q MINGW64 ~/OneDrive/Documents/Downloads/Tin học cơ sở/K18/18A3
$ git config --global user.email "lhanh@uneti.edu.vn"

ADMIN@DESKTOP-2M0CU9Q MINGW64 ~/OneDrive/Documents/Downloads/Tin học cơ sở/K18/18A3
$ git config -l
diff.astextplain.textconv=astextplain
filter.lfs.clean=git-lfs clean -- %f
filter.lfs.smudge=git-lfs smudge -- %f
filter.lfs.process=git-lfs filter-process
filter.lfs.required=true
http.sslbackend=openssl
http.sslcainfo=C:/Program Files/Git/mingw64/etc/ssl/certs/ca-bundle.crt
core.autocrlf=true
core.fscache=true
core.symlinks=false
pull.rebase=false
credential.helper=manager
credential.https://dev.azure.com.usehttppath=true
init.defaultbranch=master
filter.lfs.clean=git-lfs clean -- %f
filter.lfs.smudge=git-lfs smudge -- %f
filter.lfs.process=git-lfs filter-process
filter.lfs.required=true
user.name=lhaaaa
user.email=lhanh@uneti.edu.vn
-----------Thực hành 4-------------
ADMIN@DESKTOP-2M0CU9Q MINGW64 ~/OneDrive/Documents/Downloads/Tin học cơ sở/K18/18A3
$ git init EX4
Initialized empty Git repository in C:/Users/ADMIN/OneDrive/Documents/Downloads/Tin học cơ sở/K18/18A3/EX4/.git/

ADMIN@DESKTOP-2M0CU9Q MINGW64 ~/OneDrive/Documents/Downloads/Tin học cơ sở/K18/18A3
$ cd EX4

ADMIN@DESKTOP-2M0CU9Q MINGW64 ~/OneDrive/Documents/Downloads/Tin học cơ sở/K18/18A3/EX4 (master)
$ echo "Day la tap tin moi" >myfile.txt

ADMIN@DESKTOP-2M0CU9Q MINGW64 ~/OneDrive/Documents/Downloads/Tin học cơ sở/K18/18A3/EX4 (master)
$ git status
On branch master

No commits yet

Untracked files:
  (use "git add <file>..." to include in what will be committed)
        myfile.txt

nothing added to commit but untracked files present (use "git add" to track)

ADMIN@DESKTOP-2M0CU9Q MINGW64 ~/OneDrive/Documents/Downloads/Tin học cơ sở/K18/18A3/EX4 (master)
$ git add .
warning: in the working copy of 'myfile.txt', LF will be replaced by CRLF the next time Git touches it

ADMIN@DESKTOP-2M0CU9Q MINGW64 ~/OneDrive/Documents/Downloads/Tin học cơ sở/K18/18A3/EX4 (master)
$ git status
On branch master

No commits yet

Changes to be committed:
  (use "git rm --cached <file>..." to unstage)
        new file:   myfile.txt


ADMIN@DESKTOP-2M0CU9Q MINGW64 ~/OneDrive/Documents/Downloads/Tin học cơ sở/K18/18A3/EX4 (master)
$ git log
fatal: your current branch 'master' does not have any commits yet

ADMIN@DESKTOP-2M0CU9Q MINGW64 ~/OneDrive/Documents/Downloads/Tin học cơ sở/K18/18A3/EX4 (master)
$ git commit -m"Them mot file vao trong kho"
[master (root-commit) 735e9aa] Them mot file vao trong kho
 1 file changed, 1 insertion(+)
 create mode 100644 myfile.txt

ADMIN@DESKTOP-2M0CU9Q MINGW64 ~/OneDrive/Documents/Downloads/Tin học cơ sở/K18/18A3/EX4 (master)
$ git log
commit 735e9aad91259bd9099c1d7a6de08ec5b0c5f8e6 (HEAD -> master)
Author: lhaaaa <lhanh@uneti.edu.vn>
Date:   Tue Oct 1 09:01:39 2024 +0700

    Them mot file vao trong kho
-------------Thực hành số 6--------------
ADMIN@DESKTOP-2M0CU9Q MINGW64 ~/OneDrive/Documents/Downloads/Tin học cơ sở/K18/18A3/EX4 (master)
$ mkdir EX6

ADMIN@DESKTOP-2M0CU9Q MINGW64 ~/OneDrive/Documents/Downloads/Tin học cơ sở/K18/18A3/EX4 (master)
$ cd ..

ADMIN@DESKTOP-2M0CU9Q MINGW64 ~/OneDrive/Documents/Downloads/Tin học cơ sở/K18/18A3
$ mkdir EX6

ADMIN@DESKTOP-2M0CU9Q MINGW64 ~/OneDrive/Documents/Downloads/Tin học cơ sở/K18/18A3
$ git init --bare CentralRepo
Initialized empty Git repository in C:/Users/ADMIN/OneDrive/Documents/Downloads/Tin học cơ sở/K18/18A3/CentralRepo/

ADMIN@DESKTOP-2M0CU9Q MINGW64 ~/OneDrive/Documents/Downloads/Tin học cơ sở/K18/18A3
$ git clone CentralRepo Dev1
Cloning into 'Dev1'...
warning: You appear to have cloned an empty repository.
done.

ADMIN@DESKTOP-2M0CU9Q MINGW64 ~/OneDrive/Documents/Downloads/Tin học cơ sở/K18/18A3
$ cd Dev1

ADMIN@DESKTOP-2M0CU9Q MINGW64 ~/OneDrive/Documents/Downloads/Tin học cơ sở/K18/18A3/Dev1 (master)
$ git config --local user.name "Dev1"

ADMIN@DESKTOP-2M0CU9Q MINGW64 ~/OneDrive/Documents/Downloads/Tin học cơ sở/K18/18A3/Dev1 (master)
$ git config --local user.email "dev1@gmail.com"

ADMIN@DESKTOP-2M0CU9Q MINGW64 ~/OneDrive/Documents/Downloads/Tin học cơ sở/K18/18A3/Dev1 (master)
$ cd ..

ADMIN@DESKTOP-2M0CU9Q MINGW64 ~/OneDrive/Documents/Downloads/Tin học cơ sở/K18/18A3
$ git clone CentralRepo Dev2
Cloning into 'Dev2'...
warning: You appear to have cloned an empty repository.
done.

ADMIN@DESKTOP-2M0CU9Q MINGW64 ~/OneDrive/Documents/Downloads/Tin học cơ sở/K18/18A3
$ cd Dev2

ADMIN@DESKTOP-2M0CU9Q MINGW64 ~/OneDrive/Documents/Downloads/Tin học cơ sở/K18/18A3/Dev2 (master)
$ git config --local user.name "Dev2"

ADMIN@DESKTOP-2M0CU9Q MINGW64 ~/OneDrive/Documents/Downloads/Tin học cơ sở/K18/18A3/Dev2 (master)
$ git config --local user.email "dev2@gmail.com"

ADMIN@DESKTOP-2M0CU9Q MINGW64 ~/OneDrive/Documents/Downloads/Tin học cơ sở/K18/18A3/Dev2 (master)
$ cd ..

ADMIN@DESKTOP-2M0CU9Q MINGW64 ~/OneDrive/Documents/Downloads/Tin học cơ sở/K18/18A3
$ cd  Dev1

ADMIN@DESKTOP-2M0CU9Q MINGW64 ~/OneDrive/Documents/Downloads/Tin học cơ sở/K18/18A3/Dev1 (master)
$ echo "Day la tap tin moi" > dev1file.txt

ADMIN@DESKTOP-2M0CU9Q MINGW64 ~/OneDrive/Documents/Downloads/Tin học cơ sở/K18/18A3/Dev1 (master)
$ git add .
warning: in the working copy of 'dev1file.txt', LF will be replaced by CRLF the next time Git touches it

ADMIN@DESKTOP-2M0CU9Q MINGW64 ~/OneDrive/Documents/Downloads/Tin học cơ sở/K18/18A3/Dev1 (master)
$ git status
On branch master

No commits yet

Changes to be committed:
  (use "git rm --cached <file>..." to unstage)
        new file:   dev1file.txt


ADMIN@DESKTOP-2M0CU9Q MINGW64 ~/OneDrive/Documents/Downloads/Tin học cơ sở/K18/18A3/Dev1 (master)
$ git commit -m "Them file trong Dev1"
[master (root-commit) 00a0ae9] Them file trong Dev1
 1 file changed, 1 insertion(+)
 create mode 100644 dev1file.txt

ADMIN@DESKTOP-2M0CU9Q MINGW64 ~/OneDrive/Documents/Downloads/Tin học cơ sở/K18/18A3/Dev1 (master)
$ git log
commit 00a0ae9e6d932e8cd9446fa1c02eb642027d96ea (HEAD -> master)
Author: Dev1 <dev1@gmail.com>
Date:   Tue Oct 1 09:19:04 2024 +0700

    Them file trong Dev1

ADMIN@DESKTOP-2M0CU9Q MINGW64 ~/OneDrive/Documents/Downloads/Tin học cơ sở/K18/18A3/Dev1 (master)
$ git push
Enumerating objects: 3, done.
Counting objects: 100% (3/3), done.
Writing objects: 100% (3/3), 235 bytes | 117.00 KiB/s, done.
Total 3 (delta 0), reused 0 (delta 0), pack-reused 0 (from 0)
To C:/Users/ADMIN/OneDrive/Documents/Downloads/Tin học cơ sở/K18/18A3/CentralRepo
 * [new branch]      master -> master

ADMIN@DESKTOP-2M0CU9Q MINGW64 ~/OneDrive/Documents/Downloads/Tin học cơ sở/K18/18A3/Dev1 (master)
$ cd ..

ADMIN@DESKTOP-2M0CU9Q MINGW64 ~/OneDrive/Documents/Downloads/Tin học cơ sở/K18/18A3
$ cd Dev2

ADMIN@DESKTOP-2M0CU9Q MINGW64 ~/OneDrive/Documents/Downloads/Tin học cơ sở/K18/18A3/Dev2 (master)
$ git fetch
remote: Enumerating objects: 3, done.
remote: Counting objects: 100% (3/3), done.
remote: Total 3 (delta 0), reused 0 (delta 0), pack-reused 0 (from 0)
Unpacking objects: 100% (3/3), 215 bytes | 11.00 KiB/s, done.
From C:/Users/ADMIN/OneDrive/Documents/Downloads/Tin học cơ sở/K18/18A3/CentralRepo
 * [new branch]      master     -> origin/master

ADMIN@DESKTOP-2M0CU9Q MINGW64 ~/OneDrive/Documents/Downloads/Tin học cơ sở/K18/18A3/Dev2 (master)
$ git pull
--------------------Thực hành 7-----------------
